{"data":{"me":{"id":"R1FMX1VzZXIKZDViZTg2MzU5LTA3M2MtNDM0Yi1hZDJkLWEzOTMyMjIyZGFiZQ=="}}}
