{"data":{"createWebHook":{"hook":null,"errors":[{"message":"Unauthorised to process or access resource"}]}}}
