{"data":{"createWebHook":{"hook":null,"errors":[{"message":"Does not match URI expression","fieldName":"WebHookUrl"}]}}}
