{"data":{"createWebHook":{"hook":{"id":"R1FMX1dlYkhvb2sKbDM=","isActive":true,"webHookUrl":"https://someurl/path","listeningEvents":[]},"errors":[]}}}
