{"data":{"removeWebHook":{"removed_id":"R1FMX1dlYkhvb2sKbDA=","errors":[{"message":"Hook was not found","fieldName":"WebHookId"}]}}}
