{"data":{"removeWebHook":{"removed_id":"R1FMX1dlYkhvb2sKbDE=","errors":[]}}}
