{"data":{"removeWebHook":{"removed_id":"R1FMX1dlYkhvb2sKbDA=","errors":[{"message":"Unauthorised to process or access resource"}]}}}
