{"data":{"updateWebHook":{"hook":null,"errors":[{"message":"Hook was not found","fieldName":"WebHookId"}]}}}
