{"data":{"updateWebHook":{"hook":{"id":"R1FMX1dlYkhvb2sKbDE=","isActive":false,"webHookUrl":"https://somenewurl"},"errors":[]}}}
