{"data":{"updateWebHook":{"hook":null,"errors":[{"message":"Unauthorised to process or access resource"}]}}}
